<html>
<body>
<pre>
<h1>µVision Build Log</h1>
<h2>Tool Versions:</h2>
IDE-Version: µVision V5.24.2.0
Copyright (C) 2017 ARM Ltd and ARM Germany GmbH. All rights reserved.
License Information: Anas Sherwani, Youncta, LIC=G4HTI-T7RGJ-UV1IZ-XRCSU-0CQLW-6GJ2R
 
Tool Versions:
Toolchain:       MDK-ARM Cortex-M0/M0+ 256K for ST  Version: 5.24.1
Toolchain Path:  C:\Keil_v5\ARM\ARMCC\Bin
C Compiler:      Armcc.exe V5.06 update 5 (build 528)
Assembler:       Armasm.exe V5.06 update 5 (build 528)
Linker/Locator:  ArmLink.exe V5.06 update 5 (build 528)
Library Manager: ArmAr.exe V5.06 update 5 (build 528)
Hex Converter:   FromElf.exe V5.06 update 5 (build 528)
CPU DLL:         SARMCM3.DLL V5.24.1
Dialog DLL:      DARMCM1.DLL V1.18.0.0
Target DLL:      STLink\ST-LINKIII-KEIL_SWO.dll V3.0.1.0
Dialog DLL:      TARMCM1.DLL V1.13.0.0
 
<h2>Project:</h2>
C:\Users\Anas Sherwani\Downloads\en.i-cube_lrwan\STM32CubeExpansion_LRWAN_V1.1.2\Projects\Multi\Applications\LoRa\End_Node\MDK-ARM\B-L072Z-LRWAN1\Lora.uvprojx
Project File Date:  12/14/2017

<h2>Output:</h2>
*** Using Compiler 'V5.06 update 5 (build 528)', folder: 'C:\Keil_v5\ARM\ARMCC\Bin'
Build target 'mlm32l07x01'
compiling main.c...
compiling lora.c...
linking...
Program Size: Code=49012 RO-data=1568 RW-data=820 ZI-data=4372  
FromELF: creating hex file...
".\mlm32l07x01\NUCLEO_CUBE_LORA.axf" - 0 Error(s), 0 Warning(s).

<h2>Software Packages used:</h2>

Package Vendor: Keil
                http://www.keil.com/pack/Keil.STM32L0xx_DFP.1.6.1.pack
                Keil.STM32L0xx_DFP.1.6.1
                STMicroelectronics STM32L0 Series Device Support and Examples

<h2>Collection of Component include folders:</h2>
  .\RTE\_mlm32l07x01
  C:\Keil_v5\ARM\PACK\Keil\STM32L0xx_DFP\1.6.1\Device\Include

<h2>Collection of Component Files used:</h2>
Build Time Elapsed:  00:00:08
</pre>
</body>
</html>
